// Jest Snapshot v1, https://goo.gl/fbAQLP

exports[`CreateOneUser should create user 1`] = `
{
  "name": "bbl",
}
`;
