// Jest Snapshot v1, https://goo.gl/fbAQLP

exports[`DeleteOneUser should delete user 1`] = `
{
  "name": "user",
}
`;
