// Jest Snapshot v1, https://goo.gl/fbAQLP

exports[`FindOneUser should find a user 1`] = `
{
  "name": "user",
}
`;
