// Jest Snapshot v1, https://goo.gl/fbAQLP

exports[`FindManyUser should find all users when provided not query 1`] = `
[
  {
    "name": "user1",
  },
  {
    "name": "user2",
  },
]
`;
