// Jest Snapshot v1, https://goo.gl/fbAQLP

exports[`UpdateOneUser should update user 1`] = `
{
  "address": {
    "street": "my street",
  },
  "name": "my name",
}
`;
