// Jest Snapshot v1, https://goo.gl/fbAQLP

exports[`FindManyResolver should generate graphql schema for FindManyUserResolver 1`] = `
"type User {
  id: String!
  name: String!
}

type Query {
  users(where: UserWhereInput, orderBy: [UserOrderByInput!], skip: Int, take: Int): [User!]!
  usersCount(where: UserWhereInput, orderBy: [UserOrderByInput!], skip: Int, take: Int): Int!
}

input UserWhereInput {
  AND: [UserWhereInput!]
  OR: [UserWhereInput!]
  NOT: [UserWhereInput!]
  id: StringFilter
  name: StringFilter
}

input StringFilter {
  equals: String
  in: [String!]
  nin: [String!]
  contains: String
  gt: String
  gte: String
  lt: String
  lte: String
  fulltext: String
  ne: String
  mode: SringQueryMode
}

enum SringQueryMode {
  default
  insensitive
}

input UserOrderByInput {
  id: SortOrder
  name: SortOrder
}

enum SortOrder {
  asc
  desc
}"
`;
